
<h1>Dlcounter 1.0beta2</h1>
<div>
  <h2>Synopsis</h2>
  <pre>{{{dlcounter('FILENAME')}}}</pre>
</div>
<div>
  <h2>System check</h2>
  <p class="xh_fail">Checking that the PHP version is at least 7.1.0 … failure</p>
  <p class="xh_warning">Checking that the PHP extension 'fileinfo' is loaded … warning</p>
  <p class="xh_fail">Checking that the CMSimple_XH version is at least 1.7.0 … failure</p>
  <p class="xh_fail">Checking that the CMSimple_XH version is at least 1.2 … failure</p>
  <p class="xh_fail">Checking that the CMSimple_XH plugin 'jquery' is installed … failure</p>
  <p class="xh_warning">Checking that './config/' is writable … warning</p>
  <p class="xh_warning">Checking that './css/' is writable … warning</p>
  <p class="xh_warning">Checking that './languages/' is writable … warning</p>
</div>
