
<form class="dlcounter" action="/" method="post">
    <input type="hidden" name="dlcounter" value="test.txt">
    <button class="dlcounter_button">
        <span>test.txt (12.1 KB)</span>
        <span class="dlcounter_count">downloaded 123 times</span>
    </button>
</form>
